// Jest Snapshot v1, https://goo.gl/fbAQLP

exports[`Foundation Buy a mental worlds NFT from Foundation gas token id 32 of mental worlds 1`] = `
Object {
  "calldataByteLength": 836,
  "gasUsed": 187712,
}
`;
