// Jest Snapshot v1, https://goo.gl/fbAQLP

exports[`LooksRare gas: buy 1 NFT on looks rare 1`] = `
Object {
  "calldataByteLength": 1540,
  "gasUsed": 242945,
}
`;
