// Jest Snapshot v1, https://goo.gl/fbAQLP

exports[`NFTX gas: buyAndRedeem w/ random selection 1`] = `
Object {
  "calldataByteLength": 708,
  "gasUsed": 510185,
}
`;

exports[`NFTX gas: buyAndRedeem w/ specific selection 1`] = `
Object {
  "calldataByteLength": 772,
  "gasUsed": 497350,
}
`;
