// Jest Snapshot v1, https://goo.gl/fbAQLP

exports[`NFTX gas: buyAndRedeem w/ random selection 1`] = `
Object {
  "calldataByteLength": 676,
  "gasUsed": 503848,
}
`;

exports[`NFTX gas: buyAndRedeem w/ specific selection 1`] = `
Object {
  "calldataByteLength": 740,
  "gasUsed": 490873,
}
`;
