// Jest Snapshot v1, https://goo.gl/fbAQLP

exports[`Router bytecode size 1`] = `9979`;
