// Jest Snapshot v1, https://goo.gl/fbAQLP

exports[`Seaport gas fulfillAdvancedOrder 1`] = `
Object {
  "calldataByteLength": 2052,
  "gasUsed": 211514,
}
`;

exports[`Seaport gas fulfillOrder 1`] = `
Object {
  "calldataByteLength": 1796,
  "gasUsed": 204653,
}
`;
