// Jest Snapshot v1, https://goo.gl/fbAQLP

exports[`Sudoswap Buy 3 sudolets from sudoswap gas: purchases token ids 80, 35, 93 of Sudolets 1`] = `
Object {
  "calldataByteLength": 836,
  "gasUsed": 190559,
}
`;
