// Jest Snapshot v1, https://goo.gl/fbAQLP

exports[`WeirollRouter #trade uniswap v2 with Router02 gas: one trade, one hop, exactIn 1`] = `"121407"`;

exports[`WeirollRouter #trade uniswap v2 with Router02 gas: one trade, one hop, exactOut 1`] = `"122001"`;

exports[`WeirollRouter #trade uniswap v2 with Router02 gas: one trade, two hops, exactIn 1`] = `"193278"`;

exports[`WeirollRouter #trade uniswap v2 with Router02 gas: six trades (all same), one hop, exactIn 1`] = `"290113"`;

exports[`WeirollRouter #trade uniswap v2 with Weiroll gas: one trade, one hop, exactIn 1`] = `"116066"`;

exports[`WeirollRouter #trade uniswap v2 with Weiroll gas: one trade, one hop, exactOut 1`] = `"110203"`;

exports[`WeirollRouter #trade uniswap v2 with Weiroll gas: one trade, two hops, exactIn 1`] = `"188195"`;

exports[`WeirollRouter #trade uniswap v2 with Weiroll gas: six trades (all same), one hop, exactIn 1`] = `"288116"`;

exports[`WeirollRouter bytecode size 1`] = `7144`;
