// Jest Snapshot v1, https://goo.gl/fbAQLP

exports[`Uniswap V2 and V3 Tests: Mixing V2 and V3 with Narwhal Router. gas: V2, then V3 1`] = `"207782"`;

exports[`Uniswap V2 and V3 Tests: Mixing V2 and V3 with Narwhal Router. gas: V3, then V2 1`] = `"194534"`;

exports[`Uniswap V2 and V3 Tests: Mixing V2 and V3 with Narwhal Router. gas: split V2 and V3, one hop 1`] = `"311180"`;

exports[`Uniswap V2 and V3 Tests: Mixing V2 and V3 with Router02. gas: V2, then V3 1`] = `"214826"`;

exports[`Uniswap V2 and V3 Tests: Mixing V2 and V3 with Router02. gas: V3, then V2 1`] = `"218356"`;

exports[`Uniswap V2 and V3 Tests: Trade on UniswapV2 with Narwhal Router. gas: exactIn ETH, one trade, one hop 1`] = `"116680"`;

exports[`Uniswap V2 and V3 Tests: Trade on UniswapV2 with Narwhal Router. gas: exactIn, one trade, one hop 1`] = `"113159"`;

exports[`Uniswap V2 and V3 Tests: Trade on UniswapV2 with Narwhal Router. gas: exactIn, one trade, three hops 1`] = `"252588"`;

exports[`Uniswap V2 and V3 Tests: Trade on UniswapV2 with Narwhal Router. gas: exactIn, one trade, two hops 1`] = `"184557"`;

exports[`Uniswap V2 and V3 Tests: Trade on UniswapV2 with Narwhal Router. gas: exactOut ETH, one trade, one hop 1`] = `"139278"`;

exports[`Uniswap V2 and V3 Tests: Trade on UniswapV2 with Narwhal Router. gas: exactOut, one trade, one hop 1`] = `"109701"`;

exports[`Uniswap V2 and V3 Tests: Trade on UniswapV2 with Narwhal Router. gas: exactOut, one trade, three hops 1`] = `"254853"`;

exports[`Uniswap V2 and V3 Tests: Trade on UniswapV2 with Narwhal Router. gas: exactOut, one trade, two hops 1`] = `"183993"`;

exports[`Uniswap V2 and V3 Tests: Trade on UniswapV2 with Router02. gas: exactIn ETH, one trade, one hop 1`] = `"124889"`;

exports[`Uniswap V2 and V3 Tests: Trade on UniswapV2 with Router02. gas: exactIn, one trade, one hop 1`] = `"121407"`;

exports[`Uniswap V2 and V3 Tests: Trade on UniswapV2 with Router02. gas: exactIn, one trade, two hops 1`] = `"193278"`;

exports[`Uniswap V2 and V3 Tests: Trade on UniswapV2 with Router02. gas: exactOut ETH, one trade, one hop 1`] = `"122933"`;

exports[`Uniswap V2 and V3 Tests: Trade on UniswapV2 with Router02. gas: exactOut, one trade, one hop 1`] = `"122001"`;

exports[`Uniswap V2 and V3 Tests: Trade on UniswapV3 with Narwhal Router. gas: exactIn, one trade, one hop 1`] = `"106412"`;

exports[`Uniswap V2 and V3 Tests: Trade on UniswapV3 with Narwhal Router. gas: exactIn, one trade, three hops 1`] = `"260088"`;

exports[`Uniswap V2 and V3 Tests: Trade on UniswapV3 with Narwhal Router. gas: exactIn, one trade, two hops 1`] = `"182286"`;

exports[`Uniswap V2 and V3 Tests: Trade on UniswapV3 with Narwhal Router. gas: exactOut, one trade, one hop 1`] = `"116478"`;

exports[`Uniswap V2 and V3 Tests: Trade on UniswapV3 with Narwhal Router. gas: exactOut, one trade, three hops 1`] = `"420897"`;

exports[`Uniswap V2 and V3 Tests: Trade on UniswapV3 with Narwhal Router. gas: exactOut, one trade, two hops 1`] = `"313675"`;

exports[`Uniswap V2 and V3 Tests: Trade on UniswapV3 with Router02. gas: exactIn, one trade, one hop 1`] = `"104733"`;

exports[`Uniswap V2 and V3 Tests: Trade on UniswapV3 with Router02. gas: exactIn, one trade, three hops 1`] = `"284015"`;

exports[`Uniswap V2 and V3 Tests: Trade on UniswapV3 with Router02. gas: exactIn, one trade, two hops 1`] = `"196837"`;

exports[`Uniswap V2 and V3 Tests: Trade on UniswapV3 with Router02. gas: exactOut, one trade, one hop 1`] = `"114904"`;

exports[`Uniswap V2 and V3 Tests: Trade on UniswapV3 with Router02. gas: exactOut, one trade, three hops 1`] = `"423372"`;

exports[`Uniswap V2 and V3 Tests: Trade on UniswapV3 with Router02. gas: exactOut, one trade, two hops 1`] = `"313985"`;
