// Jest Snapshot v1, https://goo.gl/fbAQLP

exports[`Migrator Gas Tests Migrator burn gas: erc721permit + decreaseLiquidity + collect + burn 1`] = `
Object {
  "calldataByteLength": 1092,
  "gasUsed": 259654,
}
`;

exports[`Migrator Gas Tests Migrator collect gas: erc721permit + decreaseLiquidity + collect 1`] = `
Object {
  "calldataByteLength": 964,
  "gasUsed": 225528,
}
`;

exports[`Migrator Gas Tests Migrator decrease liquidity gas: erc721permit + decreaseLiquidity 1`] = `
Object {
  "calldataByteLength": 740,
  "gasUsed": 203978,
}
`;

exports[`Migrator Gas Tests Migrator erc721permit gas: erc721permit 1`] = `
Object {
  "calldataByteLength": 484,
  "gasUsed": 68000,
}
`;
