// Jest Snapshot v1, https://goo.gl/fbAQLP

exports[`SeaportV2 Gas Tests ETH -> NFT gas: fulfillAdvancedOrder 1`] = `
Object {
  "calldataByteLength": 2052,
  "gasUsed": 172055,
}
`;
