// Jest Snapshot v1, https://goo.gl/fbAQLP

exports[`SeaportV3 Gas Tests gas: fulfillAdvancedOrder 1`] = `
Object {
  "calldataByteLength": 2052,
  "gasUsed": 70889,
}
`;
