// Jest Snapshot v1, https://goo.gl/fbAQLP

exports[`Seaport v1.4 Gas Tests ERC20 -> NFT gas: fulfillAdvancedOrder 1`] = `
Object {
  "calldataByteLength": 2532,
  "gasUsed": 237135,
}
`;

exports[`Seaport v1.4 Gas Tests ETH -> NFT gas: fulfillAdvancedOrder 1`] = `
Object {
  "calldataByteLength": 2020,
  "gasUsed": 182447,
}
`;
