// Jest Snapshot v1, https://goo.gl/fbAQLP

exports[`Uniswap Gas Tests Mixing V2 and V3 with Universal Router. Batch reverts gas: 2 sub-plans, both fail but the transaction succeeds 1`] = `
Object {
  "calldataByteLength": 1764,
  "gasUsed": 273152,
}
`;

exports[`Uniswap Gas Tests Mixing V2 and V3 with Universal Router. Batch reverts gas: 2 sub-plans, neither fails 1`] = `
Object {
  "calldataByteLength": 1764,
  "gasUsed": 248874,
}
`;

exports[`Uniswap Gas Tests Mixing V2 and V3 with Universal Router. Batch reverts gas: 2 sub-plans, second sub plan fails 1`] = `
Object {
  "calldataByteLength": 1764,
  "gasUsed": 248874,
}
`;

exports[`Uniswap Gas Tests Mixing V2 and V3 with Universal Router. Batch reverts gas: 2 sub-plans, the first fails 1`] = `
Object {
  "calldataByteLength": 1764,
  "gasUsed": 273152,
}
`;

exports[`Uniswap Gas Tests Mixing V2 and V3 with Universal Router. Interleaving routes gas: V2, then V3 1`] = `
Object {
  "calldataByteLength": 836,
  "gasUsed": 196828,
}
`;

exports[`Uniswap Gas Tests Mixing V2 and V3 with Universal Router. Interleaving routes gas: V3, then V2 1`] = `
Object {
  "calldataByteLength": 836,
  "gasUsed": 189624,
}
`;

exports[`Uniswap Gas Tests Mixing V2 and V3 with Universal Router. Split routes gas: ERC20 --> ERC20 split V2 and V2 different routes, different input tokens, each two hop, with batch permit 1`] = `
Object {
  "calldataByteLength": 1540,
  "gasUsed": 305306,
}
`;

exports[`Uniswap Gas Tests Mixing V2 and V3 with Universal Router. Split routes gas: ERC20 --> ERC20 split V2 and V2 different routes, each two hop, with explicit permit 1`] = `
Object {
  "calldataByteLength": 1220,
  "gasUsed": 313366,
}
`;

exports[`Uniswap Gas Tests Mixing V2 and V3 with Universal Router. Split routes gas: ERC20 --> ERC20 split V2 and V2 different routes, each two hop, with explicit permit transfer from batch 1`] = `
Object {
  "calldataByteLength": 1284,
  "gasUsed": 315444,
}
`;

exports[`Uniswap Gas Tests Mixing V2 and V3 with Universal Router. Split routes gas: ERC20 --> ERC20 split V2 and V2 different routes, each two hop, without explicit permit 1`] = `
Object {
  "calldataByteLength": 900,
  "gasUsed": 309818,
}
`;

exports[`Uniswap Gas Tests Mixing V2 and V3 with Universal Router. Split routes gas: ERC20 --> ERC20 split V2 and V3, one hop 1`] = `
Object {
  "calldataByteLength": 996,
  "gasUsed": 179794,
}
`;

exports[`Uniswap Gas Tests Mixing V2 and V3 with Universal Router. Split routes gas: ERC20 --> ERC20 split V2 and V3, one hop, ADDRESS_THIS flag 1`] = `
Object {
  "calldataByteLength": 996,
  "gasUsed": 179569,
}
`;

exports[`Uniswap Gas Tests Mixing V2 and V3 with Universal Router. Split routes gas: ERC20 --> ETH split V2 and V3, exactOut, one hop 1`] = `
Object {
  "calldataByteLength": 964,
  "gasUsed": 198235,
}
`;

exports[`Uniswap Gas Tests Mixing V2 and V3 with Universal Router. Split routes gas: ERC20 --> ETH split V2 and V3, one hop 1`] = `
Object {
  "calldataByteLength": 964,
  "gasUsed": 187631,
}
`;

exports[`Uniswap Gas Tests Mixing V2 and V3 with Universal Router. Split routes gas: ETH --> ERC20 split V2 and V3, one hop 1`] = `
Object {
  "calldataByteLength": 1124,
  "gasUsed": 200312,
}
`;

exports[`Uniswap Gas Tests Trade on UniswapV2 with Router02. gas: ERC20 --> ERC20 exactIn, one trade, one hop 1`] = `
Object {
  "calldataByteLength": 420,
  "gasUsed": 121407,
}
`;

exports[`Uniswap Gas Tests Trade on UniswapV2 with Router02. gas: ERC20 --> ERC20 exactIn, one trade, two hops 1`] = `
Object {
  "calldataByteLength": 452,
  "gasUsed": 193278,
}
`;

exports[`Uniswap Gas Tests Trade on UniswapV2 with Router02. gas: ERC20 --> ERC20 exactOut, one trade, one hop 1`] = `
Object {
  "calldataByteLength": 420,
  "gasUsed": 122001,
}
`;

exports[`Uniswap Gas Tests Trade on UniswapV2 with Router02. gas: ERC20 --> ETH exactOut ETH, one trade, one hop 1`] = `
Object {
  "calldataByteLength": 580,
  "gasUsed": 122933,
}
`;

exports[`Uniswap Gas Tests Trade on UniswapV2 with Router02. gas: ETH --> ERC20 exactIn, one trade, one hop 1`] = `
Object {
  "calldataByteLength": 420,
  "gasUsed": 124889,
}
`;

exports[`Uniswap Gas Tests Trade on UniswapV2 with Universal Router. ERC20 --> ERC20 gas: exactIn trade, where an output fee is taken 1`] = `
Object {
  "calldataByteLength": 836,
  "gasUsed": 128824,
}
`;

exports[`Uniswap Gas Tests Trade on UniswapV2 with Universal Router. ERC20 --> ERC20 gas: exactIn, one trade, one hop 1`] = `
Object {
  "calldataByteLength": 516,
  "gasUsed": 109042,
}
`;

exports[`Uniswap Gas Tests Trade on UniswapV2 with Universal Router. ERC20 --> ERC20 gas: exactIn, one trade, three hops 1`] = `
Object {
  "calldataByteLength": 580,
  "gasUsed": 246952,
}
`;

exports[`Uniswap Gas Tests Trade on UniswapV2 with Universal Router. ERC20 --> ERC20 gas: exactIn, one trade, three hops, no deadline 1`] = `
Object {
  "calldataByteLength": 548,
  "gasUsed": 246694,
}
`;

exports[`Uniswap Gas Tests Trade on UniswapV2 with Universal Router. ERC20 --> ERC20 gas: exactIn, one trade, two hops 1`] = `
Object {
  "calldataByteLength": 548,
  "gasUsed": 179686,
}
`;

exports[`Uniswap Gas Tests Trade on UniswapV2 with Universal Router. ERC20 --> ERC20 gas: exactIn, one trade, two hops, MSG_SENDER flag 1`] = `
Object {
  "calldataByteLength": 548,
  "gasUsed": 179686,
}
`;

exports[`Uniswap Gas Tests Trade on UniswapV2 with Universal Router. ERC20 --> ERC20 gas: exactOut, one trade, one hop 1`] = `
Object {
  "calldataByteLength": 516,
  "gasUsed": 109016,
}
`;

exports[`Uniswap Gas Tests Trade on UniswapV2 with Universal Router. ERC20 --> ERC20 gas: exactOut, one trade, three hops 1`] = `
Object {
  "calldataByteLength": 580,
  "gasUsed": 252135,
}
`;

exports[`Uniswap Gas Tests Trade on UniswapV2 with Universal Router. ERC20 --> ERC20 gas: exactOut, one trade, two hops 1`] = `
Object {
  "calldataByteLength": 548,
  "gasUsed": 182300,
}
`;

exports[`Uniswap Gas Tests Trade on UniswapV2 with Universal Router. ERC20 --> ETH gas: exactIn, one trade, one hop 1`] = `
Object {
  "calldataByteLength": 644,
  "gasUsed": 125258,
}
`;

exports[`Uniswap Gas Tests Trade on UniswapV2 with Universal Router. ERC20 --> ETH gas: exactOut, one trade, one hop 1`] = `
Object {
  "calldataByteLength": 804,
  "gasUsed": 130417,
}
`;

exports[`Uniswap Gas Tests Trade on UniswapV2 with Universal Router. ERC20 --> ETH gas: exactOut, with ETH fee 1`] = `
Object {
  "calldataByteLength": 964,
  "gasUsed": 138406,
}
`;

exports[`Uniswap Gas Tests Trade on UniswapV2 with Universal Router. ETH --> ERC20 gas: exactIn, one trade, one hop 1`] = `
Object {
  "calldataByteLength": 644,
  "gasUsed": 108953,
}
`;

exports[`Uniswap Gas Tests Trade on UniswapV2 with Universal Router. ETH --> ERC20 gas: exactOut, one trade, one hop 1`] = `
Object {
  "calldataByteLength": 772,
  "gasUsed": 127616,
}
`;

exports[`Uniswap Gas Tests Trade on UniswapV3 with Router02. gas: ERC20 --> ERC20 exactIn, one trade, one hop 1`] = `
Object {
  "calldataByteLength": 420,
  "gasUsed": 104491,
}
`;

exports[`Uniswap Gas Tests Trade on UniswapV3 with Router02. gas: ERC20 --> ERC20 exactIn, one trade, three hops 1`] = `
Object {
  "calldataByteLength": 484,
  "gasUsed": 283773,
}
`;

exports[`Uniswap Gas Tests Trade on UniswapV3 with Router02. gas: ERC20 --> ERC20 exactIn, one trade, two hops 1`] = `
Object {
  "calldataByteLength": 484,
  "gasUsed": 196595,
}
`;

exports[`Uniswap Gas Tests Trade on UniswapV3 with Router02. gas: ERC20 --> ERC20 exactOut, one trade, one hop 1`] = `
Object {
  "calldataByteLength": 420,
  "gasUsed": 114662,
}
`;

exports[`Uniswap Gas Tests Trade on UniswapV3 with Router02. gas: ERC20 --> ERC20 exactOut, one trade, three hops 1`] = `
Object {
  "calldataByteLength": 484,
  "gasUsed": 423130,
}
`;

exports[`Uniswap Gas Tests Trade on UniswapV3 with Router02. gas: ERC20 --> ERC20 exactOut, one trade, two hops 1`] = `
Object {
  "calldataByteLength": 484,
  "gasUsed": 313743,
}
`;

exports[`Uniswap Gas Tests Trade on UniswapV3 with Universal Router. ERC20 --> ERC20 gas: exactIn, one trade, one hop 1`] = `
Object {
  "calldataByteLength": 516,
  "gasUsed": 117144,
}
`;

exports[`Uniswap Gas Tests Trade on UniswapV3 with Universal Router. ERC20 --> ERC20 gas: exactIn, one trade, three hops 1`] = `
Object {
  "calldataByteLength": 548,
  "gasUsed": 276366,
}
`;

exports[`Uniswap Gas Tests Trade on UniswapV3 with Universal Router. ERC20 --> ERC20 gas: exactIn, one trade, two hops 1`] = `
Object {
  "calldataByteLength": 548,
  "gasUsed": 192426,
}
`;

exports[`Uniswap Gas Tests Trade on UniswapV3 with Universal Router. ERC20 --> ERC20 gas: exactOut, one trade, one hop 1`] = `
Object {
  "calldataByteLength": 516,
  "gasUsed": 118771,
}
`;

exports[`Uniswap Gas Tests Trade on UniswapV3 with Universal Router. ERC20 --> ERC20 gas: exactOut, one trade, three hops 1`] = `
Object {
  "calldataByteLength": 548,
  "gasUsed": 421314,
}
`;

exports[`Uniswap Gas Tests Trade on UniswapV3 with Universal Router. ERC20 --> ERC20 gas: exactOut, one trade, two hops 1`] = `
Object {
  "calldataByteLength": 548,
  "gasUsed": 315013,
}
`;

exports[`Uniswap Gas Tests Trade on UniswapV3 with Universal Router. ERC20 --> ETH gas: exactIn swap 1`] = `
Object {
  "calldataByteLength": 644,
  "gasUsed": 133408,
}
`;

exports[`Uniswap Gas Tests Trade on UniswapV3 with Universal Router. ERC20 --> ETH gas: exactOut swap 1`] = `
Object {
  "calldataByteLength": 644,
  "gasUsed": 135107,
}
`;

exports[`Uniswap Gas Tests Trade on UniswapV3 with Universal Router. ETH --> ERC20 gas: exactIn swap 1`] = `
Object {
  "calldataByteLength": 644,
  "gasUsed": 242391,
}
`;

exports[`Uniswap Gas Tests Trade on UniswapV3 with Universal Router. ETH --> ERC20 gas: exactOut swap 1`] = `
Object {
  "calldataByteLength": 772,
  "gasUsed": 129590,
}
`;
