// Jest Snapshot v1, https://goo.gl/fbAQLP

exports[`X2Y2 ERC-721 purchase gas: purchases 1 ERC-721 on X2Y2 1`] = `
Object {
  "calldataByteLength": 2212,
  "gasUsed": 210135,
}
`;

exports[`X2Y2 ERC-1155 purchase gas: purchases 1 ERC-1155 on X2Y2 1`] = `
Object {
  "calldataByteLength": 2276,
  "gasUsed": 211192,
}
`;
